// Jest Snapshot v1, https://goo.gl/fbAQLP

exports[`ActionButton component 
  name: "events", size: 16, onClick: "[Function]"
 1`] = `
<body>
  <div>
    <i
      class="material-icons material-icons-rounded Icon ActionButton"
      data-test="DesignSystem-Input-ActionButton"
      role="button"
      style="font-size: 16px; width: 16px; font-variation-settings: \\"FILL\\" 1, \\"wght\\" 400, \\"GRAD\\" 0, \\"opsz\\" 20;"
      tabindex="0"
    >
      events
    </i>
  </div>
</body>
`;

exports[`ActionButton component 
  name: "events", size: 16, type: "outlined", onClick: "[Function]"
 1`] = `
<body>
  <div>
    <i
      class="material-icons material-icons-outlined Icon ActionButton"
      data-test="DesignSystem-Input-ActionButton"
      role="button"
      style="font-size: 16px; width: 16px; font-variation-settings: \\"FILL\\" 0, \\"wght\\" 400, \\"GRAD\\" 0, \\"opsz\\" 20;"
      tabindex="0"
    >
      events
    </i>
  </div>
</body>
`;

exports[`ActionButton component 
  name: "events", size: 16, type: "rounded", onClick: "[Function]"
 1`] = `
<body>
  <div>
    <i
      class="material-icons material-icons-rounded Icon ActionButton"
      data-test="DesignSystem-Input-ActionButton"
      role="button"
      style="font-size: 16px; width: 16px; font-variation-settings: \\"FILL\\" 1, \\"wght\\" 400, \\"GRAD\\" 0, \\"opsz\\" 20;"
      tabindex="0"
    >
      events
    </i>
  </div>
</body>
`;
