// Jest Snapshot v1, https://goo.gl/fbAQLP

exports[`Paragraph component 
  appearance: "default"
 1`] = `
<body>
  <div>
    <p
      class="Mds-Text Mds-Text--default"
      data-test="DesignSystem-Paragraph"
    >
      Sample string
    </p>
  </div>
</body>
`;

exports[`Paragraph component 
  appearance: "destructive"
 1`] = `
<body>
  <div>
    <p
      class="Mds-Text Mds-Text--destructive"
      data-test="DesignSystem-Paragraph"
    >
      Sample string
    </p>
  </div>
</body>
`;

exports[`Paragraph component 
  appearance: "disabled"
 1`] = `
<body>
  <div>
    <p
      class="Mds-Text Mds-Text--disabled"
      data-test="DesignSystem-Paragraph"
    >
      Sample string
    </p>
  </div>
</body>
`;

exports[`Paragraph component 
  appearance: "subtle"
 1`] = `
<body>
  <div>
    <p
      class="Mds-Text Mds-Text--subtle"
      data-test="DesignSystem-Paragraph"
    >
      Sample string
    </p>
  </div>
</body>
`;

exports[`Paragraph component 
  appearance: "white"
 1`] = `
<body>
  <div>
    <p
      class="Mds-Text Mds-Text--white"
      data-test="DesignSystem-Paragraph"
    >
      Sample string
    </p>
  </div>
</body>
`;
