// Jest Snapshot v1, https://goo.gl/fbAQLP

exports[`InlineMessage component 
  appearance: "alert", description: "Inline Message here."
 1`] = `
<body>
  <div>
    <div
      class="InlineMessage"
      data-test="DesignSystem-InlineMessage"
    >
      <i
        class="material-icons material-icons-rounded Icon Icon--alert InlineMessage-icon--regular"
        data-test="DesignSystem-InlineMessage--Icon"
        role="button"
        style="font-size: 16px; width: 16px; font-variation-settings: \\"FILL\\" 1, \\"wght\\" 400, \\"GRAD\\" 0, \\"opsz\\" 20;"
      >
        error
      </i>
      <span
        class="Text Text--default Text--regular InlineMessage-text--alert"
        data-test="DesignSystem-InlineMessage--Description"
      >
        Inline Message here.
      </span>
    </div>
  </div>
</body>
`;

exports[`InlineMessage component 
  appearance: "default", description: "Inline Message here."
 1`] = `
<body>
  <div>
    <div
      class="InlineMessage"
      data-test="DesignSystem-InlineMessage"
    >
      <span
        class="Text Text--default Text--regular InlineMessage-text--default"
        data-test="DesignSystem-InlineMessage--Description"
      >
        Inline Message here.
      </span>
    </div>
  </div>
</body>
`;

exports[`InlineMessage component 
  appearance: "info", description: "Inline Message here."
 1`] = `
<body>
  <div>
    <div
      class="InlineMessage"
      data-test="DesignSystem-InlineMessage"
    >
      <i
        class="material-icons material-icons-rounded Icon Icon--info InlineMessage-icon--regular"
        data-test="DesignSystem-InlineMessage--Icon"
        role="button"
        style="font-size: 16px; width: 16px; font-variation-settings: \\"FILL\\" 1, \\"wght\\" 400, \\"GRAD\\" 0, \\"opsz\\" 20;"
      >
        info
      </i>
      <span
        class="Text Text--default Text--regular InlineMessage-text--info"
        data-test="DesignSystem-InlineMessage--Description"
      >
        Inline Message here.
      </span>
    </div>
  </div>
</body>
`;

exports[`InlineMessage component 
  appearance: "success", description: "Inline Message here."
 1`] = `
<body>
  <div>
    <div
      class="InlineMessage"
      data-test="DesignSystem-InlineMessage"
    >
      <i
        class="material-icons material-icons-rounded Icon Icon--success InlineMessage-icon--regular"
        data-test="DesignSystem-InlineMessage--Icon"
        role="button"
        style="font-size: 16px; width: 16px; font-variation-settings: \\"FILL\\" 1, \\"wght\\" 400, \\"GRAD\\" 0, \\"opsz\\" 20;"
      >
        check_circle
      </i>
      <span
        class="Text Text--default Text--regular InlineMessage-text--success"
        data-test="DesignSystem-InlineMessage--Description"
      >
        Inline Message here.
      </span>
    </div>
  </div>
</body>
`;

exports[`InlineMessage component 
  appearance: "warning", description: "Inline Message here."
 1`] = `
<body>
  <div>
    <div
      class="InlineMessage"
      data-test="DesignSystem-InlineMessage"
    >
      <i
        class="material-icons material-icons-rounded Icon Icon--warning InlineMessage-icon--warning InlineMessage-icon--regular"
        data-test="DesignSystem-InlineMessage--Icon"
        role="button"
        style="font-size: 16px; width: 16px; font-variation-settings: \\"FILL\\" 1, \\"wght\\" 400, \\"GRAD\\" 0, \\"opsz\\" 20;"
      >
        warning
      </i>
      <span
        class="Text Text--default Text--regular InlineMessage-text--warning"
        data-test="DesignSystem-InlineMessage--Description"
      >
        Inline Message here.
      </span>
    </div>
  </div>
</body>
`;
