// Jest Snapshot v1, https://goo.gl/fbAQLP

exports[`TS renders children 1`] = `
<DocumentFragment>
  <span
    class="Avatar Avatar--regular Avatar--secondary Avatar--disabled overflow-hidden"
    data-test="DesignSystem-Avatar"
  >
    <i
      class="material-icons material-icons-round Icon Icon--white Avatar-content--secondary"
      data-test="DesignSystem-Avatar--Icon"
      role="button"
      style="font-size: 16px; width: 16px;"
    >
      person_round
    </i>
  </span>
  <span
    class="Badge Badge--secondary"
    data-test="DesignSystem-Badge"
    role="status"
  >
    Badge
  </span>
  <span
    class="Pills Badge--secondary"
    data-test="DesignSystem-Pills"
    role="status"
  >
    Hello World!
  </span>
</DocumentFragment>
`;
