// Jest Snapshot v1, https://goo.gl/fbAQLP

exports[`Chip component 
  label: "ChipLabel", icon: "events", clearButton: false, disabled: false, selected: false, name: "Chip", onclose: "[Function]", onClick: "[Function]"
 1`] = `
<body>
  <div>
    <div
      class="Chip-wrapper undefined"
      data-test="DesignSystem-GenericChip--GenericChipWrapper"
      tabindex="0"
    >
      <i
        class="material-icons material-icons-rounded Icon Icon--inverse Chip-icon Chip-icon--left"
        data-test="DesignSystem-GenericChip--Icon"
        role="button"
        style="font-size: 16px; width: 16px; font-variation-settings: \\"FILL\\" 1, \\"wght\\" 400, \\"GRAD\\" 0, \\"opsz\\" 20;"
      >
        events
      </i>
      <span
        class="Text Text--regular color-inverse Chip-text"
        data-test="DesignSystem-GenericChip--Text"
      >
        ChipLabel
      </span>
    </div>
  </div>
</body>
`;

exports[`Chip component 
  label: "ChipLabel", icon: "events", clearButton: false, disabled: false, selected: true, name: "Chip", onclose: "[Function]", onClick: "[Function]"
 1`] = `
<body>
  <div>
    <div
      class="Chip-wrapper undefined"
      data-test="DesignSystem-GenericChip--GenericChipWrapper"
      tabindex="0"
    >
      <i
        class="material-icons material-icons-rounded Icon Icon--primaryDark Chip-icon Chip-icon--left"
        data-test="DesignSystem-GenericChip--Icon"
        role="button"
        style="font-size: 16px; width: 16px; font-variation-settings: \\"FILL\\" 1, \\"wght\\" 400, \\"GRAD\\" 0, \\"opsz\\" 20;"
      >
        events
      </i>
      <span
        class="Text Text--regular color-primary-dark Chip-text"
        data-test="DesignSystem-GenericChip--Text"
      >
        ChipLabel
      </span>
    </div>
  </div>
</body>
`;

exports[`Chip component 
  label: "ChipLabel", icon: "events", clearButton: false, disabled: true, selected: false, name: "Chip", onclose: "[Function]", onClick: "[Function]"
 1`] = `
<body>
  <div>
    <div
      class="Chip-wrapper undefined"
      data-test="DesignSystem-GenericChip--GenericChipWrapper"
      tabindex="-1"
    >
      <i
        class="material-icons material-icons-rounded Icon Icon--disabled Chip-icon Chip-icon--left"
        data-test="DesignSystem-GenericChip--Icon"
        role="button"
        style="font-size: 16px; width: 16px; font-variation-settings: \\"FILL\\" 1, \\"wght\\" 400, \\"GRAD\\" 0, \\"opsz\\" 20;"
      >
        events
      </i>
      <span
        class="Text Text--regular color-inverse-lightest Chip-text"
        data-test="DesignSystem-GenericChip--Text"
      >
        ChipLabel
      </span>
    </div>
  </div>
</body>
`;

exports[`Chip component 
  label: "ChipLabel", icon: "events", clearButton: false, disabled: true, selected: true, name: "Chip", onclose: "[Function]", onClick: "[Function]"
 1`] = `
<body>
  <div>
    <div
      class="Chip-wrapper undefined"
      data-test="DesignSystem-GenericChip--GenericChipWrapper"
      tabindex="-1"
    >
      <i
        class="material-icons material-icons-rounded Icon Icon--primaryLighter Chip-icon Chip-icon--left"
        data-test="DesignSystem-GenericChip--Icon"
        role="button"
        style="font-size: 16px; width: 16px; font-variation-settings: \\"FILL\\" 1, \\"wght\\" 400, \\"GRAD\\" 0, \\"opsz\\" 20;"
      >
        events
      </i>
      <span
        class="Text Text--regular color-primary-lighter primary-dark Chip-text"
        data-test="DesignSystem-GenericChip--Text"
      >
        ChipLabel
      </span>
    </div>
  </div>
</body>
`;

exports[`Chip component 
  label: "ChipLabel", icon: "events", clearButton: true, disabled: false, selected: false, name: "Chip", onclose: "[Function]", onClick: "[Function]"
 1`] = `
<body>
  <div>
    <div
      class="Chip-wrapper undefined"
      data-test="DesignSystem-GenericChip--GenericChipWrapper"
      tabindex="0"
    >
      <i
        class="material-icons material-icons-rounded Icon Icon--inverse Chip-icon Chip-icon--left"
        data-test="DesignSystem-GenericChip--Icon"
        role="button"
        style="font-size: 16px; width: 16px; font-variation-settings: \\"FILL\\" 1, \\"wght\\" 400, \\"GRAD\\" 0, \\"opsz\\" 20;"
      >
        events
      </i>
      <span
        class="Text Text--regular color-inverse Chip-text"
        data-test="DesignSystem-GenericChip--Text"
      >
        ChipLabel
      </span>
      <div
        class="Chip-icon Chip-icon--right cursor-pointer"
        data-test="DesignSystem-GenericChip--clearButton"
        role="button"
        tabindex="0"
      >
        <i
          class="material-icons material-icons-rounded Icon Icon--subtle p-2"
          data-test="DesignSystem-Icon"
          role="button"
          style="font-size: 16px; width: 16px; font-variation-settings: \\"FILL\\" 1, \\"wght\\" 400, \\"GRAD\\" 0, \\"opsz\\" 20;"
        >
          clear
        </i>
      </div>
    </div>
  </div>
</body>
`;

exports[`Chip component 
  label: "ChipLabel", icon: "events", clearButton: true, disabled: false, selected: true, name: "Chip", onclose: "[Function]", onClick: "[Function]"
 1`] = `
<body>
  <div>
    <div
      class="Chip-wrapper undefined"
      data-test="DesignSystem-GenericChip--GenericChipWrapper"
      tabindex="0"
    >
      <i
        class="material-icons material-icons-rounded Icon Icon--primaryDark Chip-icon Chip-icon--left"
        data-test="DesignSystem-GenericChip--Icon"
        role="button"
        style="font-size: 16px; width: 16px; font-variation-settings: \\"FILL\\" 1, \\"wght\\" 400, \\"GRAD\\" 0, \\"opsz\\" 20;"
      >
        events
      </i>
      <span
        class="Text Text--regular color-primary-dark Chip-text"
        data-test="DesignSystem-GenericChip--Text"
      >
        ChipLabel
      </span>
      <div
        class="Chip-icon Chip-icon--right cursor-pointer Chip-icon--selected"
        data-test="DesignSystem-GenericChip--clearButton"
        role="button"
        tabindex="0"
      >
        <i
          class="material-icons material-icons-rounded Icon Icon--primaryDark p-2"
          data-test="DesignSystem-Icon"
          role="button"
          style="font-size: 16px; width: 16px; font-variation-settings: \\"FILL\\" 1, \\"wght\\" 400, \\"GRAD\\" 0, \\"opsz\\" 20;"
        >
          clear
        </i>
      </div>
    </div>
  </div>
</body>
`;

exports[`Chip component 
  label: "ChipLabel", icon: "events", clearButton: true, disabled: true, selected: false, name: "Chip", onclose: "[Function]", onClick: "[Function]"
 1`] = `
<body>
  <div>
    <div
      class="Chip-wrapper undefined"
      data-test="DesignSystem-GenericChip--GenericChipWrapper"
      tabindex="-1"
    >
      <i
        class="material-icons material-icons-rounded Icon Icon--disabled Chip-icon Chip-icon--left"
        data-test="DesignSystem-GenericChip--Icon"
        role="button"
        style="font-size: 16px; width: 16px; font-variation-settings: \\"FILL\\" 1, \\"wght\\" 400, \\"GRAD\\" 0, \\"opsz\\" 20;"
      >
        events
      </i>
      <span
        class="Text Text--regular color-inverse-lightest Chip-text"
        data-test="DesignSystem-GenericChip--Text"
      >
        ChipLabel
      </span>
      <div
        class="Chip-icon Chip-icon--right Chip-icon-disabled--right"
        data-test="DesignSystem-GenericChip--clearButton"
        role="button"
        tabindex="-1"
      >
        <i
          class="material-icons material-icons-rounded Icon Icon--disabled p-2"
          data-test="DesignSystem-Icon"
          role="button"
          style="font-size: 16px; width: 16px; font-variation-settings: \\"FILL\\" 1, \\"wght\\" 400, \\"GRAD\\" 0, \\"opsz\\" 20;"
        >
          clear
        </i>
      </div>
    </div>
  </div>
</body>
`;

exports[`Chip component 
  label: "ChipLabel", icon: "events", clearButton: true, disabled: true, selected: true, name: "Chip", onclose: "[Function]", onClick: "[Function]"
 1`] = `
<body>
  <div>
    <div
      class="Chip-wrapper undefined"
      data-test="DesignSystem-GenericChip--GenericChipWrapper"
      tabindex="-1"
    >
      <i
        class="material-icons material-icons-rounded Icon Icon--primaryLighter Chip-icon Chip-icon--left"
        data-test="DesignSystem-GenericChip--Icon"
        role="button"
        style="font-size: 16px; width: 16px; font-variation-settings: \\"FILL\\" 1, \\"wght\\" 400, \\"GRAD\\" 0, \\"opsz\\" 20;"
      >
        events
      </i>
      <span
        class="Text Text--regular color-primary-lighter primary-dark Chip-text"
        data-test="DesignSystem-GenericChip--Text"
      >
        ChipLabel
      </span>
      <div
        class="Chip-icon Chip-icon--right Chip-icon-disabled--right Chip-icon--selected"
        data-test="DesignSystem-GenericChip--clearButton"
        role="button"
        tabindex="-1"
      >
        <i
          class="material-icons material-icons-rounded Icon Icon--primaryLighter p-2"
          data-test="DesignSystem-Icon"
          role="button"
          style="font-size: 16px; width: 16px; font-variation-settings: \\"FILL\\" 1, \\"wght\\" 400, \\"GRAD\\" 0, \\"opsz\\" 20;"
        >
          clear
        </i>
      </div>
    </div>
  </div>
</body>
`;
